========= Scheduling for device: CPU0_1 =========
FVWithRequest__Periodic: Send FVWithRequest__go__FVWithRequest__go(evtB) content:0 params: t:0 l:1 (vl:1) params: Ch: FVWithRequest__go__FVWithRequest__go
FVWithRequest__Sender: Wait FVWithRequest__go__FVWithRequest__go params: t:1 l:1 (vl:1) params: Ch: FVWithRequest__go__FVWithRequest__go
FVWithRequest__Sender: Write 160,FVWithRequest__comm1__FVWithRequest__comm t:2 l:5 (vl:20) params: Ch: FVWithRequest__comm1__FVWithRequest__comm
FVWithRequest__Sender: Write 160,FVWithRequest__comm1__FVWithRequest__comm t:7 l:5 (vl:20) params: Ch: FVWithRequest__comm1__FVWithRequest__comm
========= Scheduling for device: Bus0_0 =========
FVWithRequest__Sender: Write 160,FVWithRequest__comm1__FVWithRequest__comm t:2 l:5 (vl:20) params: Ch: FVWithRequest__comm1__FVWithRequest__comm
FVWithRequest__Sender: Write 160,FVWithRequest__comm1__FVWithRequest__comm t:7 l:5 (vl:20) params: Ch: FVWithRequest__comm1__FVWithRequest__comm
