<!DOCTYPE html><html><head><style>table{border-collapse: collapse;empty-cells: show;margin: 0.4cm;}td{padding: 10px 5px;border: 1px solid black;max-width: 5px;}th{padding: 5px;}.sc{border-style: none;padding: 0px;font-size: small;transform: rotate(45deg);transform-origin: left top;}.sc1{border-style: none;padding: 0px;font-size: small;color: red;transform: rotate(45deg);transform-origin: left top;}h2{border-bottom: 1px solid #666;}h2 span {position: relative;left: -0.3em;bottom: -0.6em;padding: 1px 0.5em;border-style: solid;border-width: 1px 1px 1px 0.8em;border-color: #666 #666 #666 #008;background-color: #ddd; } .space{border-style: none;} .not{background-color: white; text-align: center} .notfirst{background-color: white;border-width: 2px;border-color: red;border-style: none solid none none; } .notmid {background-color: white;text-align: right;border-style: solid none none none; } .notlast {background-color: white;width: 5px;border-style: none none none none; } .t0{background-color: yellow;} .t1{background-color: purple;} .t2{background-color: red;} .t3{background-color: silver;} .t4{background-color: teal;} .t5{background-color: aqua;} .t6{background-color: olive;} .t7{background-color: navy;} .t8{background-color: maroon;} .t9{background-color: lime;} .t10{background-color: green;} .t11{background-color: gray;} .t12{background-color: fuchsia;} .t13{background-color: blue;} .t14{background-color: darkred;}.wrapper {width: 256px;height: 256px; } .clear {clear:both}</style><title>Timeline Diagram</title></head><body>
<table><tr><td width="170px" style="max-width: unset;min-width: 170px;border-style: none none none none;"></td><td class="notlast"></td><td class="notlast"></td><td class="t0"></td><td style="max-width: unset;min-width: 170px;">ApplicationSimple__T1</td><td class="space"></td><td class="t1"></td><td style="max-width: unset;min-width: 170px;">ApplicationSimple__Src</td><td class="space"></td></tr><tr><td width="170px" style="max-width: unset;min-width: 170px;border-style: none none none none;"></td><td class="notlast"></td><td class="notlast"></td><td style="border-style: none none none none;"></td><td style="max-width: unset;min-width: 170px;border-style: none none none none;color:green"><b>Running</b></td><td class="space"></td><td style="border-style: none none none none;"></td><td style="max-width: unset;min-width: 170px;border-style: none none none none;color:red"><b>Terminated</b></td><td class="space"></td></tr></table><table style="float: left;position: relative;"><tr><td width="170px" style="max-width: unset;min-width: 170px;border-style: none none none none;"></td><td class="notfirst"></td><td style="border-style: solid none none none; border-width: 2px;border-color: red;text-align:right"colspan="28"><b>Time</b></td></tr><tr><th></th><th class="notfirst"></th></tr><div class = "clear"></div><tr><td title = "Average load: 0.99; Utilization: 0.99" width="170px" style="max-width: unset;min-width: 170px;background-color: aqua;">FPGA1_1_core_0</td><td class="notfirst"></td><td class="notlast"></td><td colspan="1" title="idle time" class="not"></td><td colspan="1" title="ApplicationSimple__T1: Wait in ApplicationSimple__T1  --Attributes params:(100(size)) Ch: ApplicationSimple__evtToT1__ApplicationSimple__evtToT1" class="t0"> W</td><td colspan="4" title="idle time" class="not"></td><td colspan="20" title="ApplicationSimple__T1: Read in ApplicationSimple__T1  --Attributes params: Ch: ApplicationSimple__chToT1" class="t0"> R</td></tr><tr><td width="170px" style="max-width: unset;min-width: 170px;border-style: none none none none;"></td><td class="notfirst"></td><td class="notlast"></td><td colspan="1" class="sc">0</td><td colspan="1" class="sc">1</td><td colspan="4" class="sc">2</td><td colspan="20" class="sc">6</td><td colspan="5" class="sc">406</td></tr><tr><th></th><th class="notfirst"><th></th></tr><div class = "clear"></div>
<tr><td title = "Average load: 1; Utilization: 0.015" width="170px" style="max-width: unset;min-width: 170px;background-color: aqua;">Src_1_core_0</td><td class="notfirst"></td><td class="notlast"></td><td colspan="1" title="ApplicationSimple__Src: Send in ApplicationSimple__Src  --Attributes params:(100(size)) Ch: ApplicationSimple__evtToT1__ApplicationSimple__evtToT1" class="t1"> S</td><td colspan="5" title="ApplicationSimple__Src: Write in ApplicationSimple__Src  --Attributes params: Ch: ApplicationSimple__chToT1" class="t1"> W</td></tr><tr><td width="170px" style="max-width: unset;min-width: 170px;border-style: none none none none;"></td><td class="notfirst"></td><td class="notlast"></td><td colspan="1" class="sc">0</td><td colspan="5" class="sc">1</td><td colspan="5" class="sc">6</td></tr><tr><th></th><th class="notfirst"><th></th></tr><div class = "clear"></div>
<tr><td title = "Average load: 0.83; Utilization: 0.012" width="170px" style="max-width: unset;min-width: 170px;background-color: aqua;">Bus0_0</td><td class="notfirst"></td><td class="notlast"></td><td colspan="1" title="idle time" class="not"></td><td colspan="5" title="ApplicationSimple__Src: Write in ApplicationSimple__Src  --Attributes params: Ch: ApplicationSimple__chToT1" class="t1"> W</td></tr><tr><td width="170px" style="max-width: unset;min-width: 170px;border-style: none none none none;"></td><td class="notfirst"></td><td class="notlast"></td><td colspan="1" class="sc">0</td><td colspan="5" class="sc">1</td><td colspan="5" class="sc">6</td></tr><tr><th></th><th class="notfirst"><th></th></tr><div class = "clear"></div>
</tr><tr><th></th><th class="notfirst"></th></tr><div class = "clear"></div><th></th><th class="notfirst"><th></th><th></th><th></th><th></th><th></th><th></th><th></th><th></th><th></th><th></th><th></th><th></th><th></th><th></th><th></th><th></th><th></th><th></th><th></th><th></th><th></th><th></th><th></th><th></th><th></th><th></th></table></body></html>