Info transaction:  " deviceid="0" devicename="FPGA0" command="Application__Task2: IdleDL in Application__Task2 len:1 progress:0 ID:24"
Info transaction:  " deviceid="0" devicename="FPGA0" command="Application__Task2: Execi 5"
Info transaction:  " deviceid="0" devicename="FPGA0" command="Application__Task2: IdleDL in Application__Task2 len:1 progress:0 ID:24"
Info transaction:  " deviceid="0" devicename="FPGA0" command="Application__Task2: Execi 5"
Info transaction:  " deviceid="0" devicename="FPGA0" command="Application__Task2: IdleDL in Application__Task2 len:1 progress:0 ID:24"
Info transaction:  " deviceid="0" devicename="FPGA0" command="Application__Task2: Execi 5"
Info transaction:  " deviceid="0" devicename="FPGA0" command="Application__Task2: IdleDL in Application__Task2 len:1 progress:0 ID:24"
Info transaction:  " deviceid="0" devicename="FPGA0" command="Application__Task2: Execi 5"
Info transaction:  " deviceid="0" devicename="FPGA0" command="Application__Task2: IdleDL in Application__Task2 len:1 progress:0 ID:24"
Info transaction:  " deviceid="0" devicename="FPGA0" command="Application__Task2: Execi 5"