========= Scheduling for device: FPGA0 =========
Application__Task4: Read 20,Application__ch t:299 l:8 (vl:8) params: Ch: Application__ch
========= Scheduling for device: Bus0_0 =========