State machine Id=22
start ID=42 / top level operator
 nexts= 0:avatar transition/ ID=45 
state0 ID=43 / top level operator
 nexts= 0:avatar transition/ ID=48 
stop ID=44 / top level operator
 nexts= 
avatar transition ID=45 / top level operator
 value:Transition (send__data = secretData, ...) weight:1.0
 nexts= 0:state0/ ID=43 
weight=1.0
send__data = secretData / 
avatar transition ID=48 / top level operator
 value:Empty transition weight:1.0
 nexts= 0:stop/ ID=44 
weight=1.0

