State machine Id=15
start ID=71 / top level operator
 nexts= 0:avatar transition/ ID=112 
WaitingForFirstCoin ID=72 / top level operator
 nexts= 0:avatar transition/ ID=106 
WaitingForSecondCoin_converted_to_dummy_state ID=73 / top level operator
 nexts= 0:avatar transition/ ID=103 1:avatar transition/ ID=105 
action_on_signal:ejectCoin_converted_to_dummy_state ID=74 / top level operator
 nexts= 0:avatar transition/ ID=100 
action_on_signal:getCoin ID=75 / top level operator
 nexts= 0:avatar transition/ ID=104 
Beverage ID=76 / top level operator
 nexts= 
start ID=77 / in state Beverage ID=76
 nexts= 0:avatar transition/ ID=99 
WaitingForSelection ID=78 / in state Beverage ID=76
 nexts= 0:avatar transition/ ID=86 1:avatar transition/ ID=92 2:avatar transition/ ID=98 
action_on_signal:ejectCoin ID=79 / in state Beverage ID=76
 nexts= 0:avatar transition/ ID=82 
action_on_signal:pushCoffeeButton ID=80 / in state Beverage ID=76
 nexts= 0:avatar transition/ ID=93 
action_on_signal:pushTeaButton ID=81 / in state Beverage ID=76
 nexts= 0:avatar transition/ ID=87 
avatar transition ID=82 / top level operator
 value:Transition (nbOfCoins = 0, ...) weight:1.0
 nexts= 0:WaitingForFirstCoin/ ID=72 
weight=1.0
nbOfCoins = 0 / 
avatar transition ID=86 / top level operator
 value:Transition (delay=(coinDelay, ), ...) weight:1.0
 nexts= 0:action_on_signal/ ID=79 
minDelay=coinDelay maxDelay=coinDelay
weight=1.0

avatar transition ID=87 / top level operator
 value:Transition (nbOfCoins = 0, ...) weight:1.0
 nexts= 0:WaitingForFirstCoin/ ID=72 
minCompute=teaMinDelay maxcompute=teaMaxDelay
weight=1.0
nbOfCoins = 0 / beverageReady () / 
avatar transition ID=92 / top level operator
 value:Empty transition weight:1.0
 nexts= 0:action_on_signal/ ID=81 
weight=1.0

avatar transition ID=93 / top level operator
 value:Transition (nbOfCoins = 0, ...) weight:1.0
 nexts= 0:WaitingForFirstCoin/ ID=72 
minCompute=coffeeMinDelay maxcompute=coffeeMaxDelay
weight=1.0
nbOfCoins = 0 / beverageReady () / 
avatar transition ID=98 / top level operator
 value:Empty transition weight:1.0
 nexts= 0:action_on_signal/ ID=80 
weight=1.0

avatar transition ID=99 / top level operator
 value:Empty transition weight:1.0
 nexts= 0:WaitingForSelection/ ID=78 
weight=1.0

avatar transition ID=100 / top level operator
 value:Transition (nbOfCoins = 0, ...) weight:1.0
 nexts= 0:WaitingForFirstCoin/ ID=72 
weight=1.0
nbOfCoins = 0 / 
avatar transition ID=103 / top level operator
 value:Transition (delay=(coinDelay, ), ...) weight:1.0
 nexts= 0:action_on_signal:ejectCoin_converted_to_dummy_state/ ID=74 
minDelay=coinDelay maxDelay=coinDelay
weight=1.0

avatar transition ID=104 / top level operator
 value:Empty transition weight:1.0
 nexts= 0:Beverage/ ID=76 
weight=1.0

avatar transition ID=105 / top level operator
 value:Empty transition weight:1.0
 nexts= 0:action_on_signal/ ID=75 
weight=1.0

avatar transition ID=106 / top level operator
 value:Transition (nbOfCoins = nbOfCoins+x, ...) weight:1.0
 nexts= 0:WaitingForSecondCoin_converted_to_dummy_state/ ID=73 
weight=1.0
nbOfCoins = nbOfCoins+x / 
avatar transition ID=112 / top level operator
 value:Empty transition weight:1.0
 nexts= 0:WaitingForFirstCoin/ ID=72 
weight=1.0

