State machine Id=15
start ID=72 / top level operator
 nexts= 0:avatar transition/ ID=112 
WaitingForFirstCoin ID=73 / top level operator
 nexts= 0:avatar transition/ ID=111 
action_on_signal:getCoin ID=74 / top level operator
 nexts= 0:avatar transition/ ID=105 
WaitingForSecondCoin ID=75 / top level operator
 nexts= 0:avatar transition/ ID=102 1:avatar transition/ ID=104 
ejectState ID=76 / top level operator
 nexts= 0:avatar transition/ ID=84 
action_on_signal:ejectCoin ID=77 / top level operator
 nexts= 0:avatar transition/ ID=99 
action_on_signal:getCoin ID=78 / top level operator
 nexts= 0:avatar transition/ ID=103 
Beverage ID=79 / top level operator
 nexts= 
start ID=80 / in state Beverage ID=79
 nexts= 0:avatar transition/ ID=98 
WaitingForSelection ID=81 / in state Beverage ID=79
 nexts= 0:avatar transition/ ID=85 1:avatar transition/ ID=91 2:avatar transition/ ID=97 
action_on_signal:pushCoffeeButton ID=82 / in state Beverage ID=79
 nexts= 0:avatar transition/ ID=92 
action_on_signal:pushTeaButton ID=83 / in state Beverage ID=79
 nexts= 0:avatar transition/ ID=86 
avatar transition ID=84 / top level operator
 value:Empty transition weight:1.0
 nexts= 0:action_on_signal/ ID=77 
weight=1.0

avatar transition ID=85 / top level operator
 value:Empty transition weight:1.0
 nexts= 0:WaitingForFirstCoin/ ID=73 
weight=1.0

avatar transition ID=86 / top level operator
 value:Transition (nbOfCoins = 0, ...) weight:1.0
 nexts= 0:WaitingForFirstCoin/ ID=73 
minCompute=teaMinDelay maxcompute=teaMaxDelay
weight=1.0
nbOfCoins = 0 / beverageReady () / 
avatar transition ID=91 / top level operator
 value:Empty transition weight:1.0
 nexts= 0:action_on_signal/ ID=83 
weight=1.0

avatar transition ID=92 / top level operator
 value:Transition (nbOfCoins = 0, ...) weight:1.0
 nexts= 0:WaitingForFirstCoin/ ID=73 
minCompute=coffeeMinDelay maxcompute=coffeeMaxDelay
weight=1.0
nbOfCoins = 0 / beverageReady () / 
avatar transition ID=97 / top level operator
 value:Empty transition weight:1.0
 nexts= 0:action_on_signal/ ID=82 
weight=1.0

avatar transition ID=98 / top level operator
 value:Empty transition weight:1.0
 nexts= 0:WaitingForSelection/ ID=81 
weight=1.0

avatar transition ID=99 / top level operator
 value:Transition (nbOfCoins = 0, ...) weight:1.0
 nexts= 0:WaitingForFirstCoin/ ID=73 
weight=1.0
nbOfCoins = 0 / 
avatar transition ID=102 / top level operator
 value:Transition (delay=(coinDelay, ), ...) weight:1.0
 nexts= 0:ejectState/ ID=76 
minDelay=coinDelay maxDelay=coinDelay
weight=1.0

avatar transition ID=103 / top level operator
 value:Empty transition weight:1.0
 nexts= 0:Beverage/ ID=79 
weight=1.0

avatar transition ID=104 / top level operator
 value:Empty transition weight:1.0
 nexts= 0:action_on_signal/ ID=78 
weight=1.0

avatar transition ID=105 / top level operator
 value:Transition (nbOfCoins = nbOfCoins+x, ...) weight:1.0
 nexts= 0:WaitingForSecondCoin/ ID=75 
weight=1.0
nbOfCoins = nbOfCoins+x / 
avatar transition ID=111 / top level operator
 value:Empty transition weight:1.0
 nexts= 0:action_on_signal/ ID=74 
weight=1.0

avatar transition ID=112 / top level operator
 value:Empty transition weight:1.0
 nexts= 0:WaitingForFirstCoin/ ID=73 
weight=1.0

