State machine Id=3
start ID=35 / top level operator
 nexts= 0:avatar transition/ ID=63 
IDLE ID=36 / top level operator
 nexts= 0:avatar transition/ ID=62 
action_on_signal:INconreq ID=37 / top level operator
 nexts= 0:avatar transition/ ID=56 
SEND ID=38 / top level operator
 nexts= 0:avatar transition/ ID=54 
settimer__ATST1 ID=39 / top level operator
 nexts= 0:avatar transition/ ID=53 
  timer: ATST1
action_on_signal:CR ID=40 / top level operator
 nexts= 0:avatar transition/ ID=61 
WAIT_FOR_CONF ID=41 / top level operator
 nexts= 0:avatar transition/ ID=55 1:avatar transition/ ID=60 
expiretimer__ATST1 ID=42 / top level operator
 nexts= 0:avatar transition/ ID=51 
  timer: ATST1
choice__0 ID=43 / top level operator
 nexts= 0:avatar transition/ ID=50 1:avatar transition/ ID=65 
action_on_signal:INerror ID=44 / top level operator
 nexts= 0:avatar transition/ ID=74 
action_on_signal:DR ID=45 / top level operator
 nexts= 0:avatar transition/ ID=75 
ERROR ID=46 / top level operator
 nexts= 
action_on_signal:CC ID=47 / top level operator
 nexts= 0:avatar transition/ ID=52 
action_on_signal:INconconf ID=48 / top level operator
 nexts= 0:avatar transition/ ID=64 
CONNECTED ID=49 / top level operator
 nexts= 
avatar transition ID=50 / top level operator
 value:Transition (guard=not(retransmissionCounter<maxRetransmissions), ...) weight:1.0
 nexts= 0:action_on_signal/ ID=44 
weight=1.0
guard not(retransmissionCounter<maxRetransmissions) / 
avatar transition ID=51 / top level operator
 value:Empty transition weight:1.0
 nexts= 0:choice__0/ ID=43 
weight=1.0

avatar transition ID=52 / top level operator
 value:Empty transition weight:1.0
 nexts= 0:action_on_signal/ ID=48 
weight=1.0

avatar transition ID=53 / top level operator
 value:Empty transition weight:1.0
 nexts= 0:action_on_signal/ ID=40 
weight=1.0

avatar transition ID=54 / top level operator
 value:Empty transition weight:1.0
 nexts= 0:settimer__ATST1/ ID=39 
weight=1.0

avatar transition ID=55 / top level operator
 value:Empty transition weight:1.0
 nexts= 0:expiretimer__ATST1/ ID=42 
weight=1.0

avatar transition ID=56 / top level operator
 value:Transition (retransmissionCounter = 0, ...) weight:1.0
 nexts= 0:SEND/ ID=38 
weight=1.0
retransmissionCounter = 0 / 
avatar transition ID=60 / top level operator
 value:Empty transition weight:1.0
 nexts= 0:action_on_signal/ ID=47 
weight=1.0

avatar transition ID=61 / top level operator
 value:Empty transition weight:1.0
 nexts= 0:WAIT_FOR_CONF/ ID=41 
weight=1.0

avatar transition ID=62 / top level operator
 value:Empty transition weight:1.0
 nexts= 0:action_on_signal/ ID=37 
weight=1.0

avatar transition ID=63 / top level operator
 value:Empty transition weight:1.0
 nexts= 0:IDLE/ ID=36 
weight=1.0

avatar transition ID=64 / top level operator
 value:Empty transition weight:1.0
 nexts= 0:CONNECTED/ ID=49 
weight=1.0

avatar transition ID=65 / top level operator
 value:Transition (guard=retransmissionCounter<maxRetransmissions, ...) weight:1.0
 nexts= 0:SEND/ ID=38 
weight=1.0
retransmissionCounter = retransmissionCounter+1 / guard retransmissionCounter<maxRetransmissions / 
avatar transition ID=74 / top level operator
 value:Empty transition weight:1.0
 nexts= 0:action_on_signal/ ID=45 
weight=1.0

avatar transition ID=75 / top level operator
 value:Empty transition weight:1.0
 nexts= 0:ERROR/ ID=46 
weight=1.0

