State machine Id=3
start ID=41 / top level operator
 nexts= 0:avatar transition/ ID=70 
main_converted_to_dummy_state ID=42 / top level operator
 nexts= 0:avatar transition/ ID=56 1:avatar transition/ ID=66 
action_on_signal:putCoin ID=43 / top level operator
 nexts= 0:avatar transition/ ID=57 
main_state_converted_to_stop ID=44 / top level operator
 nexts= 
main_state_converted_to_stop ID=45 / top level operator
 nexts= 
action_on_signal:getCoin ID=46 / top level operator
 nexts= 0:avatar transition/ ID=47 
avatar transition ID=47 / top level operator
 value:Transition (nbOfCoins = nbOfCoins+x, ...) weight:1.0
 nexts= 0:main_state_converted_to_stop/ ID=45 
weight=1.0
nbOfCoins = nbOfCoins+x / contentOfWallet (nbOfCoins) / 
avatar transition ID=56 / top level operator
 value:Empty transition weight:1.0
 nexts= 0:action_on_signal/ ID=46 
weight=1.0

avatar transition ID=57 / top level operator
 value:Transition (delay=(minUserDelay, maxUserDelay), ...) weight:1.0
 nexts= 0:main_state_converted_to_stop/ ID=44 
minDelay=minUserDelay maxDelay=maxUserDelay
weight=1.0
nbOfCoins = nbOfCoins-x / contentOfWallet (nbOfCoins) / 
avatar transition ID=66 / top level operator
 value:Transition (guard=nbOfCoins > 0, ...) weight:1.0
 nexts= 0:action_on_signal/ ID=43 
weight=1.0
guard nbOfCoins > 0 / 
avatar transition ID=70 / top level operator
 value:Transition (contentOfWallet (nbOfCoins), ...) weight:1.0
 nexts= 0:main_converted_to_dummy_state/ ID=42 
weight=1.0
contentOfWallet (nbOfCoins) / 
