State machine Id=3
start ID=41 / top level operator
 nexts= 0:avatar transition/ ID=65 
main ID=42 / top level operator
 nexts= 0:avatar transition/ ID=44 1:avatar transition/ ID=62 
action_on_signal:putCoin ID=43 / top level operator
 nexts= 0:avatar transition/ ID=53 
avatar transition ID=44 / top level operator
 value:Transition (nbOfCoins = nbOfCoins+x, ...) weight:1.0
 nexts= 0:main/ ID=42 
weight=1.0
nbOfCoins = nbOfCoins+x / contentOfWallet (nbOfCoins) / 
avatar transition ID=53 / top level operator
 value:Transition (delay=(minUserDelay, maxUserDelay), ...) weight:1.0
 nexts= 0:main/ ID=42 
minDelay=minUserDelay maxDelay=maxUserDelay
weight=1.0
nbOfCoins = nbOfCoins-x / contentOfWallet (nbOfCoins) / 
avatar transition ID=62 / top level operator
 value:Transition (guard=nbOfCoins>0, ...) weight:1.0
 nexts= 0:action_on_signal/ ID=43 
weight=1.0
guard nbOfCoins>0 / 
avatar transition ID=65 / top level operator
 value:Transition (contentOfWallet (nbOfCoins), ...) weight:1.0
 nexts= 0:main/ ID=42 
weight=1.0
contentOfWallet (nbOfCoins) / 
