State machine Id=3
start ID=41 / top level operator
 nexts= 0:avatar transition/ ID=59 
main ID=42 / top level operator
 nexts= 0:avatar transition/ ID=54 1:avatar transition/ ID=56 
action_on_signal:putCoin ID=43 / top level operator
 nexts= 0:avatar transition/ ID=55 
action_on_signal:getCoin ID=44 / top level operator
 nexts= 0:avatar transition/ ID=45 
avatar transition ID=45 / top level operator
 value:Transition (nbOfCoins = nbOfCoins+x, ...) weight:1.0
 nexts= 0:main/ ID=42 
weight=1.0
nbOfCoins = nbOfCoins+x / contentOfWallet (nbOfCoins) / 
avatar transition ID=54 / top level operator
 value:Empty transition weight:1.0
 nexts= 0:action_on_signal/ ID=44 
weight=1.0

avatar transition ID=55 / top level operator
 value:Empty transition weight:1.0
 nexts= 0:main/ ID=42 
weight=1.0

avatar transition ID=56 / top level operator
 value:Transition (guard=nbOfCoins>0, ...) weight:1.0
 nexts= 0:action_on_signal/ ID=43 
weight=1.0
guard nbOfCoins>0 / 
avatar transition ID=59 / top level operator
 value:Transition (contentOfWallet (nbOfCoins), ...) weight:1.0
 nexts= 0:main/ ID=42 
weight=1.0
contentOfWallet (nbOfCoins) / 
