State machine Id=31
start ID=117 / top level operator
 nexts= 0:avatar transition/ ID=123 
main ID=118 / top level operator
 nexts= 0:avatar transition/ ID=124 
state0 ID=119 / top level operator
 nexts= 
start ID=120 / in state state0 ID=119
 nexts= 0:avatar transition/ ID=122 
action_on_signal:push ID=121 / in state state0 ID=119
 nexts= 0:avatar transition/ ID=125 
avatar transition ID=122 / top level operator
 value:Empty transition weight:1.0
 nexts= 0:action_on_signal/ ID=121 
weight=1.0

avatar transition ID=123 / top level operator
 value:Empty transition weight:1.0
 nexts= 0:main/ ID=118 
weight=1.0

avatar transition ID=124 / top level operator
 value:Empty transition weight:1.0
 nexts= 0:state0/ ID=119 
weight=1.0

avatar transition ID=125 / top level operator
 value:Transition (delay=(mechanicalDelay, ), ...) weight:1.0
 nexts= 0:main/ ID=118 
minDelay=mechanicalDelay maxDelay=mechanicalDelay
weight=1.0

