State machine Id=35
start ID=126 / top level operator
 nexts= 0:avatar transition/ ID=131 
main ID=127 / top level operator
 nexts= 0:avatar transition/ ID=130 
action_on_signal:push ID=128 / top level operator
 nexts= 0:avatar transition/ ID=129 
avatar transition ID=129 / top level operator
 value:Transition (delay=(mechanicalDelay, ), ...) weight:1.0
 nexts= 0:main/ ID=127 
minDelay=mechanicalDelay maxDelay=mechanicalDelay
weight=1.0

avatar transition ID=130 / top level operator
 value:Empty transition weight:1.0
 nexts= 0:action_on_signal/ ID=128 
weight=1.0

avatar transition ID=131 / top level operator
 value:Empty transition weight:1.0
 nexts= 0:main/ ID=127 
weight=1.0

