<ACTIVITY first="0">
<ACTIVITYELEMENT type="tmltranslator.TMLStartState" value="" id="0" name="start">
<CUSTOM  />
<NEXTACTIVITYELEMENT id="2" />
</ACTIVITYELEMENT>
<ACTIVITYELEMENT type="tmltranslator.TMLStopState" value="" id="1" name="stop state">
<CUSTOM  />
</ACTIVITYELEMENT>
<ACTIVITYELEMENT type="tmltranslator.TMLSendEvent" value="" id="2" name="send event">
<CUSTOM  event="Zigbee_TX__Source_evt_out__Zigbee_TX__bit2symbol_evt_in" params="size"  blocking="false"  />
<NEXTACTIVITYELEMENT id="1" />
</ACTIVITYELEMENT>
</ACTIVITY>
