<ACTIVITY first="0">
<ACTIVITYELEMENT type="tmltranslator.TMLStartState" value="" id="0" name="start">
<CUSTOM  />
<NEXTACTIVITYELEMENT id="1" />
</ACTIVITYELEMENT>
<ACTIVITYELEMENT type="tmltranslator.TMLStopState" value="" id="1" name="stop state">
<CUSTOM  />
</ACTIVITYELEMENT>
</ACTIVITY>
