<ACTIVITY first="0">
<ACTIVITYELEMENT type="tmltranslator.TMLStartState" value="" id="0" name="start">
<CUSTOM  />
<NEXTACTIVITYELEMENT id="1" />
</ACTIVITYELEMENT>
<ACTIVITYELEMENT type="tmltranslator.TMLSendRequest" value="" id="1" name="send request">
<CUSTOM  request="AppC__activation" params=""  />
<NEXTACTIVITYELEMENT id="2" />
</ACTIVITYELEMENT>
<ACTIVITYELEMENT type="tmltranslator.TMLSendEvent" value="" id="2" name="send event">
<CUSTOM  event="AppC__reset__AppC__reset" params=""  blocking="false"  />
<NEXTACTIVITYELEMENT id="3" />
</ACTIVITYELEMENT>
<ACTIVITYELEMENT type="tmltranslator.TMLWaitEvent" value="" id="3" name="wait event">
<CUSTOM  event="AppC__answerToReset__AppC__answerToReset" params=""  blocking="false"  />
<NEXTACTIVITYELEMENT id="4" />
</ACTIVITYELEMENT>
<ACTIVITYELEMENT type="tmltranslator.TMLSendEvent" value="" id="4" name="send event">
<CUSTOM  event="AppC__pTS__AppC__pTS" params=""  blocking="false"  />
<NEXTACTIVITYELEMENT id="5" />
</ACTIVITYELEMENT>
<ACTIVITYELEMENT type="tmltranslator.TMLWaitEvent" value="" id="5" name="wait event">
<CUSTOM  event="AppC__pTSConfirm__AppC__pTSConfirm" params=""  blocking="false"  />
<NEXTACTIVITYELEMENT id="6" />
</ACTIVITYELEMENT>
<ACTIVITYELEMENT type="tmltranslator.TMLStopState" value="" id="6" name="stop state">
<CUSTOM  />
</ACTIVITYELEMENT>
</ACTIVITY>
