<ACTIVITY first="0">
<ACTIVITYELEMENT type="tmltranslator.TMLStartState" value="" id="0" name="start">
<CUSTOM  />
<NEXTACTIVITYELEMENT id="3" />
</ACTIVITYELEMENT>
<ACTIVITYELEMENT type="tmltranslator.TMLChoice" value="" id="1" name="choice">
<CUSTOM  guards="[ ];[ ];"  />
<NEXTACTIVITYELEMENT id="8" />
<NEXTACTIVITYELEMENT id="2" />
</ACTIVITYELEMENT>
<ACTIVITYELEMENT type="tmltranslator.TMLChoice" value="" id="2" name="choice">
<CUSTOM  guards="[ true ];[ true ];"  />
<NEXTACTIVITYELEMENT id="11" />
<NEXTACTIVITYELEMENT id="12" />
</ACTIVITYELEMENT>
<ACTIVITYELEMENT type="tmltranslator.TMLSendRequest" value="" id="3" name="send request">
<CUSTOM  request="AppC__activation" params=""  />
<NEXTACTIVITYELEMENT id="4" />
</ACTIVITYELEMENT>
<ACTIVITYELEMENT type="tmltranslator.TMLSendEvent" value="" id="4" name="send event">
<CUSTOM  event="AppC__reset__AppC__reset" params=""  blocking="false"  />
<NEXTACTIVITYELEMENT id="5" />
</ACTIVITYELEMENT>
<ACTIVITYELEMENT type="tmltranslator.TMLWaitEvent" value="" id="5" name="wait event">
<CUSTOM  event="AppC__answerToReset__AppC__answerToReset" params=""  blocking="false"  />
<NEXTACTIVITYELEMENT id="6" />
</ACTIVITYELEMENT>
<ACTIVITYELEMENT type="tmltranslator.TMLSendEvent" value="" id="6" name="send event">
<CUSTOM  event="AppC__pTS__AppC__pTS" params=""  blocking="false"  />
<NEXTACTIVITYELEMENT id="7" />
</ACTIVITYELEMENT>
<ACTIVITYELEMENT type="tmltranslator.TMLWaitEvent" value="" id="7" name="wait event">
<CUSTOM  event="AppC__pTSConfirm__AppC__pTSConfirm" params=""  blocking="false"  />
<NEXTACTIVITYELEMENT id="13" />
</ACTIVITYELEMENT>
<ACTIVITYELEMENT type="tmltranslator.TMLWriteChannel" value="" id="8" name="write channel">
<CUSTOM  nbOfSamples="1"  channels="AppC__fromDtoSC "  type="1"  />
<NEXTACTIVITYELEMENT id="9" />
</ACTIVITYELEMENT>
<ACTIVITYELEMENT type="tmltranslator.TMLSendEvent" value="" id="9" name="send event">
<CUSTOM  event="AppC__data_Ready__AppC__data_Ready" params="x,b"  blocking="false"  />
<NEXTACTIVITYELEMENT id="10" />
</ACTIVITYELEMENT>
<ACTIVITYELEMENT type="tmltranslator.TMLStopState" value="" id="10" name="stop state">
<CUSTOM  />
</ACTIVITYELEMENT>
<ACTIVITYELEMENT type="tmltranslator.TMLStopState" value="" id="11" name="stop state">
<CUSTOM  />
</ACTIVITYELEMENT>
<ACTIVITYELEMENT type="tmltranslator.TMLStopState" value="" id="12" name="stop state">
<CUSTOM  />
</ACTIVITYELEMENT>
<ACTIVITYELEMENT type="tmltranslator.TMLForLoop" value="" id="13" name="loop">
<CUSTOM  init="i=0" condition="i&lt;nbOfComputedPackets" increment="i = i +1" isInfinite="false"  />
<NEXTACTIVITYELEMENT id="1" />
<NEXTACTIVITYELEMENT id="14" />
</ACTIVITYELEMENT>
<ACTIVITYELEMENT type="tmltranslator.TMLStopState" value="" id="14" name="stop state">
<CUSTOM  />
</ACTIVITYELEMENT>
</ACTIVITY>
