<ACTIVITY first="0">
<ACTIVITYELEMENT type="tmltranslator.TMLStartState" value="" id="0" name="start">
<CUSTOM  />
<NEXTACTIVITYELEMENT id="35" />
</ACTIVITYELEMENT>
<ACTIVITYELEMENT type="tmltranslator.TMLChoice" value="" id="1" name="choice">
<CUSTOM  guards="[ tcpctrl__state ==10 ];[ else ];"  />
<NEXTACTIVITYELEMENT id="120" />
<NEXTACTIVITYELEMENT id="136" />
</ACTIVITYELEMENT>
<ACTIVITYELEMENT type="tmltranslator.TMLChoice" value="" id="2" name="choice">
<CUSTOM  guards="[ tcpctrl__state ==1 ];[ tcpctrl__state ==3 ];[ else ];"  />
<NEXTACTIVITYELEMENT id="11" />
<NEXTACTIVITYELEMENT id="12" />
<NEXTACTIVITYELEMENT id="137" />
</ACTIVITYELEMENT>
<ACTIVITYELEMENT type="tmltranslator.TMLChoice" value="" id="3" name="choice">
<CUSTOM  guards="[ tcpctrl__state ==5 ];[ tcpctrl__state == 7 ];[ else ];"  />
<NEXTACTIVITYELEMENT id="117" />
<NEXTACTIVITYELEMENT id="123" />
<NEXTACTIVITYELEMENT id="1" />
</ACTIVITYELEMENT>
<ACTIVITYELEMENT type="tmltranslator.TMLChoice" value="" id="4" name="choice">
<CUSTOM  guards="[ tcpctrl__state ==2 ];[ tcpctrl__state ==4 ];[ else ];"  />
<NEXTACTIVITYELEMENT id="115" />
<NEXTACTIVITYELEMENT id="114" />
<NEXTACTIVITYELEMENT id="3" />
</ACTIVITYELEMENT>
<ACTIVITYELEMENT type="tmltranslator.TMLChoice" value="" id="5" name="choice">
<CUSTOM  guards="[ ];[ ];"  />
<NEXTACTIVITYELEMENT id="10" />
<NEXTACTIVITYELEMENT id="4" />
</ACTIVITYELEMENT>
<ACTIVITYELEMENT type="tmltranslator.TMLExecI" value="b" id="6" name="execi">
<CUSTOM  action="b" />
<NEXTACTIVITYELEMENT id="107" />
</ACTIVITYELEMENT>
<ACTIVITYELEMENT type="tmltranslator.TMLExecI" value="b" id="7" name="execi">
<CUSTOM  action="b" />
<NEXTACTIVITYELEMENT id="106" />
</ACTIVITYELEMENT>
<ACTIVITYELEMENT type="tmltranslator.TMLChoice" value="" id="8" name="choice">
<CUSTOM  guards="[ tcpctrl__state  == 4 ];[ else ];"  />
<NEXTACTIVITYELEMENT id="7" />
<NEXTACTIVITYELEMENT id="135" />
</ACTIVITYELEMENT>
<ACTIVITYELEMENT type="tmltranslator.TMLChoice" value="" id="9" name="choice">
<CUSTOM  guards="[ ];[ ];[ ];"  />
<NEXTACTIVITYELEMENT id="108" />
<NEXTACTIVITYELEMENT id="8" />
<NEXTACTIVITYELEMENT id="2" />
</ACTIVITYELEMENT>
<ACTIVITYELEMENT type="tmltranslator.TMLExecI" value="b" id="10" name="execi">
<CUSTOM  action="b" />
<NEXTACTIVITYELEMENT id="109" />
</ACTIVITYELEMENT>
<ACTIVITYELEMENT type="tmltranslator.TMLExecI" value="b" id="11" name="execi">
<CUSTOM  action="b" />
<NEXTACTIVITYELEMENT id="128" />
</ACTIVITYELEMENT>
<ACTIVITYELEMENT type="tmltranslator.TMLExecI" value="b" id="12" name="execi">
<CUSTOM  action="b" />
<NEXTACTIVITYELEMENT id="131" />
</ACTIVITYELEMENT>
<ACTIVITYELEMENT type="tmltranslator.TMLChoice" value="" id="13" name="choice">
<CUSTOM  guards="[ tcpctrl__state ==6 ];[ else ];"  />
<NEXTACTIVITYELEMENT id="14" />
<NEXTACTIVITYELEMENT id="104" />
</ACTIVITYELEMENT>
<ACTIVITYELEMENT type="tmltranslator.TMLExecI" value="b" id="14" name="execi">
<CUSTOM  action="b" />
<NEXTACTIVITYELEMENT id="99" />
</ACTIVITYELEMENT>
<ACTIVITYELEMENT type="tmltranslator.TMLChoice" value="" id="15" name="choice">
<CUSTOM  guards="[ tcpctrl__state == 1 ];[ else ];"  />
<NEXTACTIVITYELEMENT id="66" />
<NEXTACTIVITYELEMENT id="97" />
</ACTIVITYELEMENT>
<ACTIVITYELEMENT type="tmltranslator.TMLExecI" value="b" id="16" name="execi">
<CUSTOM  action="b" />
<NEXTACTIVITYELEMENT id="74" />
</ACTIVITYELEMENT>
<ACTIVITYELEMENT type="tmltranslator.TMLExecI" value="b" id="17" name="execi">
<CUSTOM  action="b" />
<NEXTACTIVITYELEMENT id="68" />
</ACTIVITYELEMENT>
<ACTIVITYELEMENT type="tmltranslator.TMLChoice" value="" id="18" name="choice">
<CUSTOM  guards="[ tcpctrl__state == 5];[ tcpctrl__state ==4 ];[ else ];"  />
<NEXTACTIVITYELEMENT id="27" />
<NEXTACTIVITYELEMENT id="17" />
<NEXTACTIVITYELEMENT id="13" />
</ACTIVITYELEMENT>
<ACTIVITYELEMENT type="tmltranslator.TMLExecI" value="b" id="19" name="execi">
<CUSTOM  action="b" />
<NEXTACTIVITYELEMENT id="64" />
</ACTIVITYELEMENT>
<ACTIVITYELEMENT type="tmltranslator.TMLChoice" value="" id="20" name="choice">
<CUSTOM  guards="[ tcpctrl__state ==0 ];[ tcpctrl__state==0 ];[ else ];"  />
<NEXTACTIVITYELEMENT id="62" />
<NEXTACTIVITYELEMENT id="19" />
<NEXTACTIVITYELEMENT id="98" />
</ACTIVITYELEMENT>
<ACTIVITYELEMENT type="tmltranslator.TMLExecI" value="b" id="21" name="execi">
<CUSTOM  action="b" />
<NEXTACTIVITYELEMENT id="88" />
</ACTIVITYELEMENT>
<ACTIVITYELEMENT type="tmltranslator.TMLExecI" value="b" id="22" name="execi">
<CUSTOM  action="b" />
<NEXTACTIVITYELEMENT id="85" />
</ACTIVITYELEMENT>
<ACTIVITYELEMENT type="tmltranslator.TMLChoice" value="" id="23" name="choice">
<CUSTOM  guards="[ ];[ ];[ ];"  />
<NEXTACTIVITYELEMENT id="9" />
<NEXTACTIVITYELEMENT id="20" />
<NEXTACTIVITYELEMENT id="18" />
</ACTIVITYELEMENT>
<ACTIVITYELEMENT type="tmltranslator.TMLExecI" value="b" id="24" name="execi">
<CUSTOM  action="b" />
<NEXTACTIVITYELEMENT id="23" />
</ACTIVITYELEMENT>
<ACTIVITYELEMENT type="tmltranslator.TMLExecI" value="b" id="25" name="execi">
<CUSTOM  action="b" />
<NEXTACTIVITYELEMENT id="87" />
</ACTIVITYELEMENT>
<ACTIVITYELEMENT type="tmltranslator.TMLExecI" value="b" id="26" name="execi">
<CUSTOM  action="b" />
<NEXTACTIVITYELEMENT id="86" />
</ACTIVITYELEMENT>
<ACTIVITYELEMENT type="tmltranslator.TMLExecI" value="b" id="27" name="execi">
<CUSTOM  action="b" />
<NEXTACTIVITYELEMENT id="71" />
</ACTIVITYELEMENT>
<ACTIVITYELEMENT type="tmltranslator.TMLChoice" value="" id="28" name="choice">
<CUSTOM  guards="[ tcpctrl__state==0 ];[ else ];"  />
<NEXTACTIVITYELEMENT id="32" />
<NEXTACTIVITYELEMENT id="46" />
</ACTIVITYELEMENT>
<ACTIVITYELEMENT type="tmltranslator.TMLChoice" value="" id="29" name="choice">
<CUSTOM  guards="[ tcpctrl__a&gt;0 ];[ tcpctrl__a==0 ];"  />
<NEXTACTIVITYELEMENT id="48" />
<NEXTACTIVITYELEMENT id="45" />
</ACTIVITYELEMENT>
<ACTIVITYELEMENT type="tmltranslator.TMLChoice" value="" id="30" name="choice">
<CUSTOM  guards="[ (tcpctrl__state ==2) or (tcpctrl__state ==4) ];[ tcpctrl__state ==9 ];[ else ];"  />
<NEXTACTIVITYELEMENT id="25" />
<NEXTACTIVITYELEMENT id="21" />
<NEXTACTIVITYELEMENT id="15" />
</ACTIVITYELEMENT>
<ACTIVITYELEMENT type="tmltranslator.TMLChoice" value="" id="31" name="choice">
<CUSTOM  guards="[ true ];[ true ];[ true ];"  />
<NEXTACTIVITYELEMENT id="50" />
<NEXTACTIVITYELEMENT id="22" />
<NEXTACTIVITYELEMENT id="47" />
</ACTIVITYELEMENT>
<ACTIVITYELEMENT type="tmltranslator.TMLActionState" value="" id="32" name="action">
<CUSTOM  action="tcpctrl__state =1" />
<NEXTACTIVITYELEMENT id="33" />
</ACTIVITYELEMENT>
<ACTIVITYELEMENT type="tmltranslator.TMLStopState" value="" id="33" name="stop state">
<CUSTOM  />
</ACTIVITYELEMENT>
<ACTIVITYELEMENT type="tmltranslator.TMLReadChannel" value="" id="34" name="read channel">
<CUSTOM  nbOfSamples="1"  channels="AppC__fromPtoT "  type="1"  />
<NEXTACTIVITYELEMENT id="24" />
</ACTIVITYELEMENT>
<ACTIVITYELEMENT type="tmltranslator.TMLForLoop" value="" id="35" name="loop">
<CUSTOM  init="i=0" condition="(tcpctrl__a==0)" increment="i = i" isInfinite="false"  />
<NEXTACTIVITYELEMENT id="38" />
<NEXTACTIVITYELEMENT id="37" />
</ACTIVITYELEMENT>
<ACTIVITYELEMENT type="tmltranslator.TMLStopState" value="" id="36" name="stop state">
<CUSTOM  />
</ACTIVITYELEMENT>
<ACTIVITYELEMENT type="tmltranslator.TMLActionState" value="" id="37" name="action">
<CUSTOM  action="tcpctrl__state=0" />
<NEXTACTIVITYELEMENT id="36" />
</ACTIVITYELEMENT>
<ACTIVITYELEMENT type="tmltranslator.TMLNotifiedEvent" value="" id="38" name="notified event">
<CUSTOM  event="AppC__abort__AppC__abort" params="" variable="tcpctrl__a"  />
<NEXTACTIVITYELEMENT id="29" />
</ACTIVITYELEMENT>
<ACTIVITYELEMENT type="tmltranslator.TMLReadChannel" value="" id="39" name="read channel">
<CUSTOM  nbOfSamples="1"  channels="AppC__temp "  type="2"  />
<NEXTACTIVITYELEMENT id="16" />
</ACTIVITYELEMENT>
<ACTIVITYELEMENT type="tmltranslator.TMLWaitEvent" value="" id="40" name="wait event">
<CUSTOM  event="AppC__timeOut__AppC__timeOut" params=""  blocking="false"  />
<NEXTACTIVITYELEMENT id="39" />
</ACTIVITYELEMENT>
<ACTIVITYELEMENT type="tmltranslator.TMLWaitEvent" value="" id="41" name="wait event">
<CUSTOM  event="AppC__receive__AppC__receive" params=""  blocking="false"  />
<NEXTACTIVITYELEMENT id="34" />
</ACTIVITYELEMENT>
<ACTIVITYELEMENT type="tmltranslator.TMLWaitEvent" value="" id="42" name="wait event">
<CUSTOM  event="AppC__close__AppC__close" params=""  blocking="false"  />
<NEXTACTIVITYELEMENT id="30" />
</ACTIVITYELEMENT>
<ACTIVITYELEMENT type="tmltranslator.TMLWaitEvent" value="" id="43" name="wait event">
<CUSTOM  event="AppC__send_TCP__AppC__send_TCP" params=""  blocking="false"  />
<NEXTACTIVITYELEMENT id="31" />
</ACTIVITYELEMENT>
<ACTIVITYELEMENT type="tmltranslator.TMLWaitEvent" value="" id="44" name="wait event">
<CUSTOM  event="AppC__open__AppC__open" params=""  blocking="false"  />
<NEXTACTIVITYELEMENT id="28" />
</ACTIVITYELEMENT>
<ACTIVITYELEMENT type="tmltranslator.TMLSelectEvt" value="" id="45" name="select">
<CUSTOM  />
<NEXTACTIVITYELEMENT id="40" />
<NEXTACTIVITYELEMENT id="41" />
<NEXTACTIVITYELEMENT id="42" />
<NEXTACTIVITYELEMENT id="43" />
<NEXTACTIVITYELEMENT id="44" />
</ACTIVITYELEMENT>
<ACTIVITYELEMENT type="tmltranslator.TMLStopState" value="" id="46" name="stop state">
<CUSTOM  />
</ACTIVITYELEMENT>
<ACTIVITYELEMENT type="tmltranslator.TMLStopState" value="" id="47" name="stop state">
<CUSTOM  />
</ACTIVITYELEMENT>
<ACTIVITYELEMENT type="tmltranslator.TMLWaitEvent" value="" id="48" name="wait event">
<CUSTOM  event="AppC__abort__AppC__abort" params=""  blocking="false"  />
<NEXTACTIVITYELEMENT id="49" />
</ACTIVITYELEMENT>
<ACTIVITYELEMENT type="tmltranslator.TMLStopState" value="" id="49" name="stop state">
<CUSTOM  />
</ACTIVITYELEMENT>
<ACTIVITYELEMENT type="tmltranslator.TMLReadChannel" value="" id="50" name="read channel">
<CUSTOM  nbOfSamples="1"  channels="AppC__fromAtoT "  type="1"  />
<NEXTACTIVITYELEMENT id="26" />
</ACTIVITYELEMENT>
<ACTIVITYELEMENT type="tmltranslator.TMLWriteChannel" value="" id="51" name="write channel">
<CUSTOM  nbOfSamples="1"  channels="AppC__fromTtoP "  type="1"  />
<NEXTACTIVITYELEMENT id="89" />
</ACTIVITYELEMENT>
<ACTIVITYELEMENT type="tmltranslator.TMLStopState" value="" id="52" name="stop state">
<CUSTOM  />
</ACTIVITYELEMENT>
<ACTIVITYELEMENT type="tmltranslator.TMLActionState" value="" id="53" name="action">
<CUSTOM  action="tcpctrl__state =5" />
<NEXTACTIVITYELEMENT id="83" />
</ACTIVITYELEMENT>
<ACTIVITYELEMENT type="tmltranslator.TMLStopState" value="" id="54" name="stop state">
<CUSTOM  />
</ACTIVITYELEMENT>
<ACTIVITYELEMENT type="tmltranslator.TMLActionState" value="" id="55" name="action">
<CUSTOM  action="tcpctrl__state=3" />
<NEXTACTIVITYELEMENT id="76" />
</ACTIVITYELEMENT>
<ACTIVITYELEMENT type="tmltranslator.TMLWriteChannel" value="" id="56" name="write channel">
<CUSTOM  nbOfSamples="1"  channels="AppC__fromTtoP "  type="1"  />
<NEXTACTIVITYELEMENT id="92" />
</ACTIVITYELEMENT>
<ACTIVITYELEMENT type="tmltranslator.TMLActionState" value="" id="57" name="action">
<CUSTOM  action="tcpctrl__state =10" />
<NEXTACTIVITYELEMENT id="81" />
</ACTIVITYELEMENT>
<ACTIVITYELEMENT type="tmltranslator.TMLStopState" value="" id="58" name="stop state">
<CUSTOM  />
</ACTIVITYELEMENT>
<ACTIVITYELEMENT type="tmltranslator.TMLWriteChannel" value="" id="59" name="write channel">
<CUSTOM  nbOfSamples="1"  channels="AppC__fromTtoP "  type="1"  />
<NEXTACTIVITYELEMENT id="91" />
</ACTIVITYELEMENT>
<ACTIVITYELEMENT type="tmltranslator.TMLWriteChannel" value="" id="60" name="write channel">
<CUSTOM  nbOfSamples="1"  channels="AppC__fromTtoP "  type="1"  />
<NEXTACTIVITYELEMENT id="90" />
</ACTIVITYELEMENT>
<ACTIVITYELEMENT type="tmltranslator.TMLStopState" value="" id="61" name="stop state">
<CUSTOM  />
</ACTIVITYELEMENT>
<ACTIVITYELEMENT type="tmltranslator.TMLActionState" value="" id="62" name="action">
<CUSTOM  action="tcpctrl__state =1" />
<NEXTACTIVITYELEMENT id="63" />
</ACTIVITYELEMENT>
<ACTIVITYELEMENT type="tmltranslator.TMLStopState" value="" id="63" name="stop state">
<CUSTOM  />
</ACTIVITYELEMENT>
<ACTIVITYELEMENT type="tmltranslator.TMLWriteChannel" value="" id="64" name="write channel">
<CUSTOM  nbOfSamples="1"  channels="AppC__fromTtoP "  type="1"  />
<NEXTACTIVITYELEMENT id="94" />
</ACTIVITYELEMENT>
<ACTIVITYELEMENT type="tmltranslator.TMLActionState" value="" id="65" name="action">
<CUSTOM  action="tcpctrl__state =3" />
<NEXTACTIVITYELEMENT id="61" />
</ACTIVITYELEMENT>
<ACTIVITYELEMENT type="tmltranslator.TMLActionState" value="" id="66" name="action">
<CUSTOM  action="tcpctrl__state =0" />
<NEXTACTIVITYELEMENT id="67" />
</ACTIVITYELEMENT>
<ACTIVITYELEMENT type="tmltranslator.TMLStopState" value="" id="67" name="stop state">
<CUSTOM  />
</ACTIVITYELEMENT>
<ACTIVITYELEMENT type="tmltranslator.TMLWriteChannel" value="" id="68" name="write channel">
<CUSTOM  nbOfSamples="1"  channels="AppC__fromTtoP "  type="1"  />
<NEXTACTIVITYELEMENT id="95" />
</ACTIVITYELEMENT>
<ACTIVITYELEMENT type="tmltranslator.TMLActionState" value="" id="69" name="action">
<CUSTOM  action="tcpctrl__state =9" />
<NEXTACTIVITYELEMENT id="70" />
</ACTIVITYELEMENT>
<ACTIVITYELEMENT type="tmltranslator.TMLStopState" value="" id="70" name="stop state">
<CUSTOM  />
</ACTIVITYELEMENT>
<ACTIVITYELEMENT type="tmltranslator.TMLWriteChannel" value="" id="71" name="write channel">
<CUSTOM  nbOfSamples="1"  channels="AppC__fromTtoP "  type="1"  />
<NEXTACTIVITYELEMENT id="96" />
</ACTIVITYELEMENT>
<ACTIVITYELEMENT type="tmltranslator.TMLActionState" value="" id="72" name="action">
<CUSTOM  action="tcpctrl__state =7" />
<NEXTACTIVITYELEMENT id="73" />
</ACTIVITYELEMENT>
<ACTIVITYELEMENT type="tmltranslator.TMLStopState" value="" id="73" name="stop state">
<CUSTOM  />
</ACTIVITYELEMENT>
<ACTIVITYELEMENT type="tmltranslator.TMLWriteChannel" value="" id="74" name="write channel">
<CUSTOM  nbOfSamples="1"  channels="AppC__fromTtoP "  type="1"  />
<NEXTACTIVITYELEMENT id="93" />
</ACTIVITYELEMENT>
<ACTIVITYELEMENT type="tmltranslator.TMLStopState" value="" id="75" name="stop state">
<CUSTOM  />
</ACTIVITYELEMENT>
<ACTIVITYELEMENT type="tmltranslator.TMLSendRequest" value="" id="76" name="send request">
<CUSTOM  request="AppC__req_Timer" params=""  />
<NEXTACTIVITYELEMENT id="77" />
</ACTIVITYELEMENT>
<ACTIVITYELEMENT type="tmltranslator.TMLWriteChannel" value="" id="77" name="write channel">
<CUSTOM  nbOfSamples="1"  channels="AppC__temp "  type="2"  />
<NEXTACTIVITYELEMENT id="78" />
</ACTIVITYELEMENT>
<ACTIVITYELEMENT type="tmltranslator.TMLStopState" value="" id="78" name="stop state">
<CUSTOM  />
</ACTIVITYELEMENT>
<ACTIVITYELEMENT type="tmltranslator.TMLSendRequest" value="" id="79" name="send request">
<CUSTOM  request="AppC__req_Timer" params=""  />
<NEXTACTIVITYELEMENT id="80" />
</ACTIVITYELEMENT>
<ACTIVITYELEMENT type="tmltranslator.TMLWriteChannel" value="" id="80" name="write channel">
<CUSTOM  nbOfSamples="1"  channels="AppC__temp "  type="2"  />
<NEXTACTIVITYELEMENT id="52" />
</ACTIVITYELEMENT>
<ACTIVITYELEMENT type="tmltranslator.TMLSendRequest" value="" id="81" name="send request">
<CUSTOM  request="AppC__req_Timer" params=""  />
<NEXTACTIVITYELEMENT id="82" />
</ACTIVITYELEMENT>
<ACTIVITYELEMENT type="tmltranslator.TMLWriteChannel" value="" id="82" name="write channel">
<CUSTOM  nbOfSamples="1"  channels="AppC__temp "  type="2"  />
<NEXTACTIVITYELEMENT id="58" />
</ACTIVITYELEMENT>
<ACTIVITYELEMENT type="tmltranslator.TMLSendRequest" value="" id="83" name="send request">
<CUSTOM  request="AppC__req_Timer" params=""  />
<NEXTACTIVITYELEMENT id="84" />
</ACTIVITYELEMENT>
<ACTIVITYELEMENT type="tmltranslator.TMLWriteChannel" value="" id="84" name="write channel">
<CUSTOM  nbOfSamples="1"  channels="AppC__temp "  type="2"  />
<NEXTACTIVITYELEMENT id="54" />
</ACTIVITYELEMENT>
<ACTIVITYELEMENT type="tmltranslator.TMLActionState" value="" id="85" name="action">
<CUSTOM  action="seqNum=seqNum+wind" />
<NEXTACTIVITYELEMENT id="56" />
</ACTIVITYELEMENT>
<ACTIVITYELEMENT type="tmltranslator.TMLActionState" value="" id="86" name="action">
<CUSTOM  action="seqNum=seqNum+wind" />
<NEXTACTIVITYELEMENT id="51" />
</ACTIVITYELEMENT>
<ACTIVITYELEMENT type="tmltranslator.TMLActionState" value="" id="87" name="action">
<CUSTOM  action="seqNum=seqNum+wind" />
<NEXTACTIVITYELEMENT id="59" />
</ACTIVITYELEMENT>
<ACTIVITYELEMENT type="tmltranslator.TMLActionState" value="" id="88" name="action">
<CUSTOM  action="seqNum=seqNum+wind" />
<NEXTACTIVITYELEMENT id="60" />
</ACTIVITYELEMENT>
<ACTIVITYELEMENT type="tmltranslator.TMLSendEvent" value="" id="89" name="send event">
<CUSTOM  event="AppC__send__AppC__send" params=""  blocking="false"  />
<NEXTACTIVITYELEMENT id="79" />
</ACTIVITYELEMENT>
<ACTIVITYELEMENT type="tmltranslator.TMLSendEvent" value="" id="90" name="send event">
<CUSTOM  event="AppC__send__AppC__send" params=""  blocking="false"  />
<NEXTACTIVITYELEMENT id="57" />
</ACTIVITYELEMENT>
<ACTIVITYELEMENT type="tmltranslator.TMLSendEvent" value="" id="91" name="send event">
<CUSTOM  event="AppC__send__AppC__send" params=""  blocking="false"  />
<NEXTACTIVITYELEMENT id="53" />
</ACTIVITYELEMENT>
<ACTIVITYELEMENT type="tmltranslator.TMLSendEvent" value="" id="92" name="send event">
<CUSTOM  event="AppC__send__AppC__send" params=""  blocking="false"  />
<NEXTACTIVITYELEMENT id="55" />
</ACTIVITYELEMENT>
<ACTIVITYELEMENT type="tmltranslator.TMLSendEvent" value="" id="93" name="send event">
<CUSTOM  event="AppC__send__AppC__send" params=""  blocking="false"  />
<NEXTACTIVITYELEMENT id="75" />
</ACTIVITYELEMENT>
<ACTIVITYELEMENT type="tmltranslator.TMLSendEvent" value="" id="94" name="send event">
<CUSTOM  event="AppC__send__AppC__send" params=""  blocking="false"  />
<NEXTACTIVITYELEMENT id="65" />
</ACTIVITYELEMENT>
<ACTIVITYELEMENT type="tmltranslator.TMLSendEvent" value="" id="95" name="send event">
<CUSTOM  event="AppC__send__AppC__send" params=""  blocking="false"  />
<NEXTACTIVITYELEMENT id="69" />
</ACTIVITYELEMENT>
<ACTIVITYELEMENT type="tmltranslator.TMLSendEvent" value="" id="96" name="send event">
<CUSTOM  event="AppC__send__AppC__send" params=""  blocking="false"  />
<NEXTACTIVITYELEMENT id="72" />
</ACTIVITYELEMENT>
<ACTIVITYELEMENT type="tmltranslator.TMLStopState" value="" id="97" name="stop state">
<CUSTOM  />
</ACTIVITYELEMENT>
<ACTIVITYELEMENT type="tmltranslator.TMLStopState" value="" id="98" name="stop state">
<CUSTOM  />
</ACTIVITYELEMENT>
<ACTIVITYELEMENT type="tmltranslator.TMLWriteChannel" value="" id="99" name="write channel">
<CUSTOM  nbOfSamples="1"  channels="AppC__fromTtoP "  type="1"  />
<NEXTACTIVITYELEMENT id="100" />
</ACTIVITYELEMENT>
<ACTIVITYELEMENT type="tmltranslator.TMLActionState" value="" id="100" name="action">
<CUSTOM  action="tcpctrl__state =8" />
<NEXTACTIVITYELEMENT id="103" />
</ACTIVITYELEMENT>
<ACTIVITYELEMENT type="tmltranslator.TMLStopState" value="" id="101" name="stop state">
<CUSTOM  />
</ACTIVITYELEMENT>
<ACTIVITYELEMENT type="tmltranslator.TMLActionState" value="" id="102" name="action">
<CUSTOM  action="tcpctrl__state =0" />
<NEXTACTIVITYELEMENT id="101" />
</ACTIVITYELEMENT>
<ACTIVITYELEMENT type="tmltranslator.TMLSendEvent" value="" id="103" name="send event">
<CUSTOM  event="AppC__send__AppC__send" params=""  blocking="false"  />
<NEXTACTIVITYELEMENT id="102" />
</ACTIVITYELEMENT>
<ACTIVITYELEMENT type="tmltranslator.TMLStopState" value="" id="104" name="stop state">
<CUSTOM  />
</ACTIVITYELEMENT>
<ACTIVITYELEMENT type="tmltranslator.TMLStopState" value="" id="105" name="stop state">
<CUSTOM  />
</ACTIVITYELEMENT>
<ACTIVITYELEMENT type="tmltranslator.TMLWriteChannel" value="" id="106" name="write channel">
<CUSTOM  nbOfSamples="1"  channels="AppC__fromTtoA "  type="1"  />
<NEXTACTIVITYELEMENT id="138" />
</ACTIVITYELEMENT>
<ACTIVITYELEMENT type="tmltranslator.TMLWriteChannel" value="" id="107" name="write channel">
<CUSTOM  nbOfSamples="1"  channels="AppC__fromTtoP "  type="1"  />
<NEXTACTIVITYELEMENT id="111" />
</ACTIVITYELEMENT>
<ACTIVITYELEMENT type="tmltranslator.TMLSendEvent" value="" id="108" name="send event">
<CUSTOM  event="AppC__stop__AppC__stop" params=""  blocking="false"  />
<NEXTACTIVITYELEMENT id="139" />
</ACTIVITYELEMENT>
<ACTIVITYELEMENT type="tmltranslator.TMLWriteChannel" value="" id="109" name="write channel">
<CUSTOM  nbOfSamples="1"  channels="AppC__fromTtoP "  type="1"  />
<NEXTACTIVITYELEMENT id="112" />
</ACTIVITYELEMENT>
<ACTIVITYELEMENT type="tmltranslator.TMLStopState" value="" id="110" name="stop state">
<CUSTOM  />
</ACTIVITYELEMENT>
<ACTIVITYELEMENT type="tmltranslator.TMLSendEvent" value="" id="111" name="send event">
<CUSTOM  event="AppC__send__AppC__send" params=""  blocking="false"  />
<NEXTACTIVITYELEMENT id="105" />
</ACTIVITYELEMENT>
<ACTIVITYELEMENT type="tmltranslator.TMLSendEvent" value="" id="112" name="send event">
<CUSTOM  event="AppC__send__AppC__send" params=""  blocking="false"  />
<NEXTACTIVITYELEMENT id="113" />
</ACTIVITYELEMENT>
<ACTIVITYELEMENT type="tmltranslator.TMLWriteChannel" value="" id="113" name="write channel">
<CUSTOM  nbOfSamples="1"  channels="AppC__temp "  type="2"  />
<NEXTACTIVITYELEMENT id="110" />
</ACTIVITYELEMENT>
<ACTIVITYELEMENT type="tmltranslator.TMLStopState" value="" id="114" name="stop state">
<CUSTOM  />
</ACTIVITYELEMENT>
<ACTIVITYELEMENT type="tmltranslator.TMLActionState" value="" id="115" name="action">
<CUSTOM  action="tcpctrl__state =4" />
<NEXTACTIVITYELEMENT id="116" />
</ACTIVITYELEMENT>
<ACTIVITYELEMENT type="tmltranslator.TMLStopState" value="" id="116" name="stop state">
<CUSTOM  />
</ACTIVITYELEMENT>
<ACTIVITYELEMENT type="tmltranslator.TMLActionState" value="" id="117" name="action">
<CUSTOM  action="tcpctrl__state =6" />
<NEXTACTIVITYELEMENT id="118" />
</ACTIVITYELEMENT>
<ACTIVITYELEMENT type="tmltranslator.TMLStopState" value="" id="118" name="stop state">
<CUSTOM  />
</ACTIVITYELEMENT>
<ACTIVITYELEMENT type="tmltranslator.TMLStopState" value="" id="119" name="stop state">
<CUSTOM  />
</ACTIVITYELEMENT>
<ACTIVITYELEMENT type="tmltranslator.TMLActionState" value="" id="120" name="action">
<CUSTOM  action="tcpctrl__state =0" />
<NEXTACTIVITYELEMENT id="121" />
</ACTIVITYELEMENT>
<ACTIVITYELEMENT type="tmltranslator.TMLStopState" value="" id="121" name="stop state">
<CUSTOM  />
</ACTIVITYELEMENT>
<ACTIVITYELEMENT type="tmltranslator.TMLActionState" value="" id="122" name="action">
<CUSTOM  action="tcpctrl__state =0" />
<NEXTACTIVITYELEMENT id="119" />
</ACTIVITYELEMENT>
<ACTIVITYELEMENT type="tmltranslator.TMLActionState" value="" id="123" name="action">
<CUSTOM  action="tcpctrl__state =8" />
<NEXTACTIVITYELEMENT id="122" />
</ACTIVITYELEMENT>
<ACTIVITYELEMENT type="tmltranslator.TMLWriteChannel" value="" id="124" name="write channel">
<CUSTOM  nbOfSamples="1"  channels="AppC__fromTtoP "  type="1"  />
<NEXTACTIVITYELEMENT id="129" />
</ACTIVITYELEMENT>
<ACTIVITYELEMENT type="tmltranslator.TMLStopState" value="" id="125" name="stop state">
<CUSTOM  />
</ACTIVITYELEMENT>
<ACTIVITYELEMENT type="tmltranslator.TMLSendRequest" value="" id="126" name="send request">
<CUSTOM  request="AppC__req_Timer" params=""  />
<NEXTACTIVITYELEMENT id="127" />
</ACTIVITYELEMENT>
<ACTIVITYELEMENT type="tmltranslator.TMLWriteChannel" value="" id="127" name="write channel">
<CUSTOM  nbOfSamples="1"  channels="AppC__temp "  type="2"  />
<NEXTACTIVITYELEMENT id="130" />
</ACTIVITYELEMENT>
<ACTIVITYELEMENT type="tmltranslator.TMLActionState" value="" id="128" name="action">
<CUSTOM  action="seqNum=seqNum+wind" />
<NEXTACTIVITYELEMENT id="124" />
</ACTIVITYELEMENT>
<ACTIVITYELEMENT type="tmltranslator.TMLSendEvent" value="" id="129" name="send event">
<CUSTOM  event="AppC__send__AppC__send" params=""  blocking="false"  />
<NEXTACTIVITYELEMENT id="126" />
</ACTIVITYELEMENT>
<ACTIVITYELEMENT type="tmltranslator.TMLActionState" value="" id="130" name="action">
<CUSTOM  action="tcpctrl__state =2" />
<NEXTACTIVITYELEMENT id="125" />
</ACTIVITYELEMENT>
<ACTIVITYELEMENT type="tmltranslator.TMLWriteChannel" value="" id="131" name="write channel">
<CUSTOM  nbOfSamples="1"  channels="AppC__fromTtoP "  type="1"  />
<NEXTACTIVITYELEMENT id="134" />
</ACTIVITYELEMENT>
<ACTIVITYELEMENT type="tmltranslator.TMLActionState" value="" id="132" name="action">
<CUSTOM  action="tcpctrl__state =2" />
<NEXTACTIVITYELEMENT id="133" />
</ACTIVITYELEMENT>
<ACTIVITYELEMENT type="tmltranslator.TMLStopState" value="" id="133" name="stop state">
<CUSTOM  />
</ACTIVITYELEMENT>
<ACTIVITYELEMENT type="tmltranslator.TMLSendEvent" value="" id="134" name="send event">
<CUSTOM  event="AppC__send__AppC__send" params=""  blocking="false"  />
<NEXTACTIVITYELEMENT id="132" />
</ACTIVITYELEMENT>
<ACTIVITYELEMENT type="tmltranslator.TMLStopState" value="" id="135" name="stop state">
<CUSTOM  />
</ACTIVITYELEMENT>
<ACTIVITYELEMENT type="tmltranslator.TMLStopState" value="" id="136" name="stop state">
<CUSTOM  />
</ACTIVITYELEMENT>
<ACTIVITYELEMENT type="tmltranslator.TMLStopState" value="" id="137" name="stop state">
<CUSTOM  />
</ACTIVITYELEMENT>
<ACTIVITYELEMENT type="tmltranslator.TMLSendEvent" value="" id="138" name="send event">
<CUSTOM  event="AppC__receive_Application__AppC__receive_Application" params=""  blocking="false"  />
<NEXTACTIVITYELEMENT id="6" />
</ACTIVITYELEMENT>
<ACTIVITYELEMENT type="tmltranslator.TMLReadChannel" value="" id="139" name="read channel">
<CUSTOM  nbOfSamples="1"  channels="AppC__temp "  type="2"  />
<NEXTACTIVITYELEMENT id="5" />
</ACTIVITYELEMENT>
</ACTIVITY>
