<ACTIVITY first="0">
<ACTIVITYELEMENT type="tmltranslator.TMLStartState" value="" id="0" name="start">
<CUSTOM  />
<NEXTACTIVITYELEMENT id="3" />
</ACTIVITYELEMENT>
<ACTIVITYELEMENT type="tmltranslator.TMLExecI" value="size" id="1" name="execi">
<CUSTOM  action="size" />
<NEXTACTIVITYELEMENT id="2" />
</ACTIVITYELEMENT>
<ACTIVITYELEMENT type="tmltranslator.TMLStopState" value="" id="2" name="stop state">
<CUSTOM  />
</ACTIVITYELEMENT>
<ACTIVITYELEMENT type="tmltranslator.TMLActionState" value="" id="3" name="action reading args">
<CUSTOM  action="size = arg1__req" />
<NEXTACTIVITYELEMENT id="1" />
</ACTIVITYELEMENT>
</ACTIVITY>
