<ACTIVITY first="0">
<ACTIVITYELEMENT type="tmltranslator.TMLStartState" value="" id="0" name="start">
<CUSTOM  />
<NEXTACTIVITYELEMENT id="4" />
</ACTIVITYELEMENT>
<ACTIVITYELEMENT type="tmltranslator.TMLExecC" value="size" id="1" name="execc">
<CUSTOM  action="size" />
<NEXTACTIVITYELEMENT id="3" />
</ACTIVITYELEMENT>
<ACTIVITYELEMENT type="tmltranslator.TMLStopState" value="" id="2" name="stop state">
<CUSTOM  />
</ACTIVITYELEMENT>
<ACTIVITYELEMENT type="tmltranslator.TMLWriteChannel" value="" id="3" name="write channel">
<CUSTOM  nbOfSamples="size"  channels="Zigbee_TX__symbol2ChipSeq_ch_out__Zigbee_TX__chip2octet_ch_in "  />
<NEXTACTIVITYELEMENT id="2" />
</ACTIVITYELEMENT>
<ACTIVITYELEMENT type="tmltranslator.TMLActionState" value="" id="4" name="action reading args">
<CUSTOM  action="size = arg1__req" />
<NEXTACTIVITYELEMENT id="1" />
</ACTIVITYELEMENT>
</ACTIVITY>
